--------------------------------------------------------------------------------------------------------------------------------------------------------------------------------------------------------
      name:  <unnamed>
       log:  C:\Users\m.massenkoff_local\Dropbox\nps\MN4111\Files\Week1_multivariate_review\worksheet1.log
  log type:  text
 opened on:   7 Apr 2022, 15:39:29

. 
. *****************************************************
. *** Q2 **********************************************
. *****************************************************
. ******** (a)
. bcuse bwght, clear 

Contains data from http://fmwww.bc.edu/ec-p/data/wooldridge/bwght.dta
 Observations:         1,388                  
    Variables:            14                  13 Jan 2000 17:33
--------------------------------------------------------------------------------------------------------------------------------------------------------------------------------------------------------
Variable      Storage   Display    Value
    name         type    format    label      Variable label
--------------------------------------------------------------------------------------------------------------------------------------------------------------------------------------------------------
faminc          float   %9.0g                 
cigtax          float   %9.0g                 
cigprice        float   %9.0g                 
bwght           float   %9.0g                 
fatheduc        float   %9.0g                 
motheduc        float   %9.0g                 
parity          float   %9.0g                 
male            float   %9.0g                 
white           float   %9.0g                 
cigs            float   %9.0g                 
lbwght          float   %9.0g                 
bwghtlbs        float   %9.0g                 
packs           float   %9.0g                 
lfaminc         float   %9.0g                 
--------------------------------------------------------------------------------------------------------------------------------------------------------------------------------------------------------
Sorted by: 

. hist bwght 
(bin=31, start=23, width=8)

. hist cigs, discrete frac
(start=0, width=1)

. ******** (b)
. scatter    bwght cigs 

. binscatter bwght cigs 

. 
. ******** (e)
. regress bwght cigs, robust

Linear regression                               Number of obs     =      1,388
                                                F(1, 1386)        =      34.29
                                                Prob > F          =     0.0000
                                                R-squared         =     0.0227
                                                Root MSE          =     20.129

------------------------------------------------------------------------------
             |               Robust
       bwght | Coefficient  std. err.      t    P>|t|     [95% conf. interval]
-------------+----------------------------------------------------------------
        cigs |  -.5137721   .0877334    -5.86   0.000    -.6858767   -.3416675
       _cons |   119.7719   .5745494   208.46   0.000     118.6448     120.899
------------------------------------------------------------------------------

. regress bwght cigs faminc, robust

Linear regression                               Number of obs     =      1,388
                                                F(2, 1385)        =      22.11
                                                Prob > F          =     0.0000
                                                R-squared         =     0.0298
                                                Root MSE          =     20.063

------------------------------------------------------------------------------
             |               Robust
       bwght | Coefficient  std. err.      t    P>|t|     [95% conf. interval]
-------------+----------------------------------------------------------------
        cigs |  -.4634075   .0887594    -5.22   0.000     -.637525   -.2892901
      faminc |   .0927647   .0285864     3.25   0.001     .0366875     .148842
       _cons |   116.9741   1.037207   112.78   0.000     114.9395    119.0088
------------------------------------------------------------------------------

. 
. *****************************************************
. *** Q3 **********************************************
. *****************************************************
. bcuse gpa2, clear

Contains data from http://fmwww.bc.edu/ec-p/data/wooldridge/gpa2.dta
 Observations:         4,137                  
    Variables:            12                  10 Jan 2000 16:51
--------------------------------------------------------------------------------------------------------------------------------------------------------------------------------------------------------
Variable      Storage   Display    Value
    name         type    format    label      Variable label
--------------------------------------------------------------------------------------------------------------------------------------------------------------------------------------------------------
sat             float   %9.0g                 
tothrs          float   %9.0g                 
colgpa          float   %9.0g                 
athlete         float   %9.0g                 
verbmath        float   %9.0g                 
hsize           float   %9.0g                 
hsrank          float   %9.0g                 
hsperc          float   %9.0g                 
female          float   %9.0g                 
white           float   %9.0g                 
black           float   %9.0g                 
hsizesq         float   %9.0g                 
--------------------------------------------------------------------------------------------------------------------------------------------------------------------------------------------------------
Sorted by: 

. 
. ******** (a)
. binscatter sat hsize

. 
. ******** (b)
. gen ln_sat = ln(sat)

. reg athlete hsperc female ln_sat, robust

Linear regression                               Number of obs     =      4,137
                                                F(3, 4133)        =      42.25
                                                Prob > F          =     0.0000
                                                R-squared         =     0.0766
                                                Root MSE          =     .20325

------------------------------------------------------------------------------
             |               Robust
     athlete | Coefficient  std. err.      t    P>|t|     [95% conf. interval]
-------------+----------------------------------------------------------------
      hsperc |   .0017605   .0002763     6.37   0.000     .0012188    .0023022
      female |  -.0439564   .0065172    -6.74   0.000    -.0567335   -.0311792
      ln_sat |  -.2817001   .0351383    -8.02   0.000      -.35059   -.2128101
       _cons |   1.984481   .2464642     8.05   0.000     1.501279    2.467683
------------------------------------------------------------------------------

. 
. ******** (c)
. reg colgpa sat

      Source |       SS           df       MS      Number of obs   =     4,137
-------------+----------------------------------   F(1, 4135)      =    829.26
       Model |  299.712725         1  299.712725   Prob > F        =    0.0000
    Residual |  1494.48295     4,135   .36142272   R-squared       =    0.1670
-------------+----------------------------------   Adj R-squared   =    0.1668
       Total |  1794.19567     4,136  .433799728   Root MSE        =    .60118

------------------------------------------------------------------------------
      colgpa | Coefficient  Std. err.      t    P>|t|     [95% conf. interval]
-------------+----------------------------------------------------------------
         sat |   .0019311   .0000671    28.80   0.000     .0017996    .0020625
       _cons |   .6630568   .0697213     9.51   0.000     .5263656     .799748
------------------------------------------------------------------------------

. reg colgpa sat hsize 

      Source |       SS           df       MS      Number of obs   =     4,137
-------------+----------------------------------   F(2, 4134)      =    423.45
       Model |  305.067172         2  152.533586   Prob > F        =    0.0000
    Residual |   1489.1285     4,134  .360214926   R-squared       =    0.1700
-------------+----------------------------------   Adj R-squared   =    0.1696
       Total |  1794.19567     4,136  .433799728   Root MSE        =    .60018

------------------------------------------------------------------------------
      colgpa | Coefficient  Std. err.      t    P>|t|     [95% conf. interval]
-------------+----------------------------------------------------------------
         sat |   .0019475   .0000671    29.03   0.000      .001816     .002079
       hsize |  -.0207611   .0053849    -3.86   0.000    -.0313183   -.0102039
       _cons |    .704257   .0704202    10.00   0.000     .5661955    .8423185
------------------------------------------------------------------------------

. reg colgpa sat hsize hsperc 

      Source |       SS           df       MS      Number of obs   =     4,137
-------------+----------------------------------   F(3, 4133)      =    528.15
       Model |  497.216645         3  165.738882   Prob > F        =    0.0000
    Residual |  1296.97903     4,133  .313810556   R-squared       =    0.2771
-------------+----------------------------------   Adj R-squared   =    0.2766
       Total |  1794.19567     4,136  .433799728   Root MSE        =    .56019

------------------------------------------------------------------------------
      colgpa | Coefficient  Std. err.      t    P>|t|     [95% conf. interval]
-------------+----------------------------------------------------------------
         sat |   .0014929   .0000653    22.88   0.000      .001365    .0016208
       hsize |   -.023071   .0050269    -4.59   0.000    -.0329265   -.0132155
      hsperc |   -.013566   .0005482   -24.74   0.000    -.0146408   -.0124911
       _cons |   1.440059   .0721413    19.96   0.000     1.298624    1.581495
------------------------------------------------------------------------------

. 
. *****************************************************
. *** Q5 **********************************************
. *****************************************************
. bcuse bwght, clear

Contains data from http://fmwww.bc.edu/ec-p/data/wooldridge/bwght.dta
 Observations:         1,388                  
    Variables:            14                  13 Jan 2000 17:33
--------------------------------------------------------------------------------------------------------------------------------------------------------------------------------------------------------
Variable      Storage   Display    Value
    name         type    format    label      Variable label
--------------------------------------------------------------------------------------------------------------------------------------------------------------------------------------------------------
faminc          float   %9.0g                 
cigtax          float   %9.0g                 
cigprice        float   %9.0g                 
bwght           float   %9.0g                 
fatheduc        float   %9.0g                 
motheduc        float   %9.0g                 
parity          float   %9.0g                 
male            float   %9.0g                 
white           float   %9.0g                 
cigs            float   %9.0g                 
lbwght          float   %9.0g                 
bwghtlbs        float   %9.0g                 
packs           float   %9.0g                 
lfaminc         float   %9.0g                 
--------------------------------------------------------------------------------------------------------------------------------------------------------------------------------------------------------
Sorted by: 

. eststo clear 

. eststo: reg bwght cigs

      Source |       SS           df       MS      Number of obs   =     1,388
-------------+----------------------------------   F(1, 1386)      =     32.24
       Model |  13060.4194         1  13060.4194   Prob > F        =    0.0000
    Residual |    561551.3     1,386  405.159668   R-squared       =    0.0227
-------------+----------------------------------   Adj R-squared   =    0.0220
       Total |   574611.72     1,387  414.283864   Root MSE        =    20.129

------------------------------------------------------------------------------
       bwght | Coefficient  Std. err.      t    P>|t|     [95% conf. interval]
-------------+----------------------------------------------------------------
        cigs |  -.5137721   .0904909    -5.68   0.000    -.6912861   -.3362581
       _cons |   119.7719   .5723407   209.27   0.000     118.6492    120.8946
------------------------------------------------------------------------------
(est1 stored)

. estadd ysumm 

added scalars:
                e(ysd) =  20.353964
               e(ymax) =  271
               e(ymin) =  23
              e(ymean) =  118.69957

. eststo: reg bwght cigs lfaminc

      Source |       SS           df       MS      Number of obs   =     1,388
-------------+----------------------------------   F(2, 1385)      =     21.06
       Model |  16957.3047         2  8478.65233   Prob > F        =    0.0000
    Residual |  557654.415     1,385  402.638567   R-squared       =    0.0295
-------------+----------------------------------   Adj R-squared   =    0.0281
       Total |   574611.72     1,387  414.283864   Root MSE        =    20.066

------------------------------------------------------------------------------
       bwght | Coefficient  Std. err.      t    P>|t|     [95% conf. interval]
-------------+----------------------------------------------------------------
        cigs |  -.4672275   .0914412    -5.11   0.000    -.6466058   -.2878493
     lfaminc |   1.850716   .5948926     3.11   0.002     .6837277    3.017704
       _cons |   113.9907    1.94392    58.64   0.000     110.1774    117.8041
------------------------------------------------------------------------------
(est2 stored)

. estadd ysumm 

added scalars:
                e(ysd) =  20.353964
               e(ymax) =  271
               e(ymin) =  23
              e(ymean) =  118.69957

. eststo: reg bwght cigs lfaminc fatheduc motheduc 

      Source |       SS           df       MS      Number of obs   =     1,191
-------------+----------------------------------   F(4, 1186)      =     10.17
       Model |  16008.3932         4   4002.0983   Prob > F        =    0.0000
    Residual |  466738.299     1,186  393.539881   R-squared       =    0.0332
-------------+----------------------------------   Adj R-squared   =    0.0299
       Total |  482746.692     1,190  405.669489   Root MSE        =    19.838

------------------------------------------------------------------------------
       bwght | Coefficient  Std. err.      t    P>|t|     [95% conf. interval]
-------------+----------------------------------------------------------------
        cigs |   -.589214   .1105709    -5.33   0.000    -.8061505   -.3722776
     lfaminc |   1.457719   .9011076     1.62   0.106    -.3102234    3.225662
    fatheduc |   .4999103    .280872     1.78   0.075     -.051151    1.050972
    motheduc |   -.445407   .3194673    -1.39   0.164    -1.072191     .181377
       _cons |   115.0471   3.720931    30.92   0.000     107.7467    122.3474
------------------------------------------------------------------------------
(est3 stored)

. estadd ysumm 

added scalars:
                e(ysd) =  20.141239
               e(ymax) =  271
               e(ymin) =  23
              e(ymean) =  119.52981

. eststo: reg bwght cigs lfaminc fatheduc motheduc male parity white

      Source |       SS           df       MS      Number of obs   =     1,191
-------------+----------------------------------   F(7, 1183)      =      9.73
       Model |   26282.964         7  3754.70915   Prob > F        =    0.0000
    Residual |  456463.728     1,183  385.852686   R-squared       =    0.0544
-------------+----------------------------------   Adj R-squared   =    0.0488
       Total |  482746.692     1,190  405.669489   Root MSE        =    19.643

------------------------------------------------------------------------------
       bwght | Coefficient  Std. err.      t    P>|t|     [95% conf. interval]
-------------+----------------------------------------------------------------
        cigs |  -.5973758   .1096949    -5.45   0.000    -.8125939   -.3821576
     lfaminc |   1.220611   .9124343     1.34   0.181    -.5695589    3.010781
    fatheduc |   .4151487   .2786762     1.49   0.137    -.1316061    .9619035
    motheduc |  -.3367554    .317634    -1.06   0.289    -.9599441    .2864333
        male |   3.824651   1.143391     3.35   0.001      1.58135    6.067952
      parity |   1.917522   .6552839     2.93   0.003     .6318736     3.20317
       white |   4.637464   1.611848     2.88   0.004     1.475063    7.799864
       _cons |   106.5383   4.076304    26.14   0.000     98.54069    114.5359
------------------------------------------------------------------------------
(est4 stored)

. estadd ysumm 

added scalars:
                e(ysd) =  20.141239
               e(ymax) =  271
               e(ymin) =  23
              e(ymean) =  119.52981

. 
. label var cigs "Cigs smoked per day"

. label var lfaminc "Ln(family income)"

. label var fatheduc "Father education"

. label var motheduc "Mother education"

. label var male "Male infant"

. label var parity "Parity"

. label var white "White"

. 
. * This line is to show the table in the log 
. esttab, se(3) b(3) r2 label nocons stats(ymean r2 N, fmt(2 %9.3fc %9.0fc) label("Outcome mean" "R-squared" "Observations")) nomtitle replace title("Effects of cigarettes on birthweight") /// 
>             addnote("Outcome in all specifications is birthweight in ounces.")

Effects of cigarettes on birthweight
------------------------------------------------------------------------------------
                              (1)             (2)             (3)             (4)   
------------------------------------------------------------------------------------
Cigs smoked per day        -0.514***       -0.467***       -0.589***       -0.597***
                          (0.090)         (0.091)         (0.111)         (0.110)   

Ln(family income)                           1.851**         1.458           1.221   
                                          (0.595)         (0.901)         (0.912)   

Father education                                            0.500           0.415   
                                                          (0.281)         (0.279)   

Mother education                                           -0.445          -0.337   
                                                          (0.319)         (0.318)   

Male infant                                                                 3.825***
                                                                          (1.143)   

Parity                                                                      1.918** 
                                                                          (0.655)   

White                                                                       4.637** 
                                                                          (1.612)   
------------------------------------------------------------------------------------
Outcome mean               118.70          118.70          119.53          119.53   
R-squared                   0.023           0.030           0.033           0.054   
Observations                1,388           1,388           1,191           1,191   
------------------------------------------------------------------------------------
Standard errors in parentheses
Outcome in all specifications is birthweight in ounces.
* p<0.05, ** p<0.01, *** p<0.001

. 
. esttab using b.html, se(3) b(3) r2 label nocons stats(ymean r2 N, fmt(2 %9.3fc %9.0fc) label("Outcome mean" "R-squared" "Observations")) nomtitle replace title("Effects of cigarettes on birthweight"
> ) /// 
>             addnote("Outcome in all specifications is birthweight in ounces.")
(output written to b.html)

.                         
. log close  
      name:  <unnamed>
       log:  C:\Users\m.massenkoff_local\Dropbox\nps\MN4111\Files\Week1_multivariate_review\worksheet1.log
  log type:  text
 closed on:   7 Apr 2022, 15:39:34
--------------------------------------------------------------------------------------------------------------------------------------------------------------------------------------------------------
